// Jest Snapshot v1, https://goo.gl/fbAQLP

exports[`renders consistently 1`] = `
<DocumentFragment>
  <ion-app>
    <div
      style="display: flex; position: absolute; top: 0px; left: 0px; right: 0px; bottom: 0px; flex-direction: column; width: 100%; height: 100%; contain: layout size style;"
    >
      <div
        class="tabs-inner"
        style="position: relative; flex: 1; contain: layout size style;"
      >
        <ion-router-outlet>
          <div
            class="ion-page"
            style="z-index: 101;"
          >
            <ion-header>
              <ion-toolbar>
                <ion-title>
                  Current Weather
                </ion-title>
              </ion-toolbar>
            </ion-header>
            <ion-content
              class="ion-text-center ion-padding"
            >
              <div
                class="information"
              >
                <kws-temperature
                  class="primary-value"
                  scale="F"
                  temperature="302"
                />
              </div>
              <kws-condition
                condition="200"
              />
            </ion-content>
          </div>
        </ion-router-outlet>
      </div>
      <ion-tab-bar
        color="primary"
        current-path="/current-weather"
        selected-tab="tab1"
        slot="bottom"
      >
        <ion-tab-button
          href="/current-weather"
          tab="tab1"
        >
          <ion-icon />
          <ion-label>
            Current Weather
          </ion-label>
        </ion-tab-button>
        <ion-tab-button
          href="/forecast"
          tab="tab2"
        >
          <ion-icon />
          <ion-label>
            Forecast
          </ion-label>
        </ion-tab-button>
        <ion-tab-button
          href="/uv-index"
          tab="tab3"
        >
          <ion-icon />
          <ion-label>
            UV Index
          </ion-label>
        </ion-tab-button>
      </ion-tab-bar>
    </div>
  </ion-app>
</DocumentFragment>
`;
